
  ............................................................................
  ............................................................................
  ............................................................................
  ............................................................................
  ............................................................................
  ............................................................................
  ............................................................................
  ............................................................................
  ............................................................................
  ............................................................................
  ............................................................................
  ............................................................................
  ............................................................................
  ............................................................................
  ............................................................................
  .....................

  Tests:    1161 passed (4092 assertions)
  Duration: 30.86s

  Mutating application files...
  0 Mutations for 0 Files created
  Mutations: 0 tested
  Score:     0.00%
  Duration:  0.00s

   INFO  No mutations created.

