
  ............................................................................
  ............................................................................
  ............................................................................
  ............................................................................
  ............................................................................
  ............................................................................
  ............................................................................
  ............................................................................
  ............................................................................
  ............................................................................
  ............................................................................
  ............................................................................
  ............................................................................
  ............................................................................
  ............................................................................
  .....................

  Tests:    1161 passed (4092 assertions)
  Duration: 31.94s

  Mutating application files...
  [90m42 Mutations for 3 Files created[39m

  [39;100;1m RUN [39;49;22m src/Persistence/ChallengeTargetViolation.php
  [32;1m✓[39;22m [90mLine 21: ConcatRemoveLeft[39m
  [32;1m✓[39;22m [90mLine 21: ConcatRemoveLeft[39m
  [31;1m⨯[39;22m [90mLine 21: ConcatRemoveRight[39m
  [31;1m⨯[39;22m [90mLine 21: ConcatRemoveRight[39m
  [31;1m⨯[39;22m [90mLine 21: ConcatSwitchSides[39m
  [31;1m⨯[39;22m [90mLine 21: ConcatSwitchSides[39m
  [33;1m-[39;22m [90mLine 31: ConcatRemoveLeft[39m
  [33;1m-[39;22m [90mLine 31: ConcatRemoveRight[39m
  [33;1m-[39;22m [90mLine 31: ConcatSwitchSides[39m
  [32;1m✓[39;22m [90mLine 53: ConcatRemoveLeft[39m
  [31;1m⨯[39;22m [90mLine 53: ConcatRemoveRight[39m
  [31;1m⨯[39;22m [90mLine 53: ConcatSwitchSides[39m
  [31;1m⨯[39;22m [90mLine 56: RemoveStringCast[39m
  [32;1m✓[39;22m [90mLine 56: TernaryNegated[39m
  [32;1m✓[39;22m [90mLine 56: IdenticalToNotIdentical[39m

  [39;100;1m RUN [39;49;22m src/Persistence/ValueBoundViolation.php
  [32;1m✓[39;22m [90mLine 25: ConcatRemoveLeft[39m
  [31;1m⨯[39;22m [90mLine 25: ConcatRemoveRight[39m
  [31;1m⨯[39;22m [90mLine 25: ConcatSwitchSides[39m
  [32;1m✓[39;22m [90mLine 37: ConcatRemoveLeft[39m
  [31;1m⨯[39;22m [90mLine 37: ConcatRemoveRight[39m
  [31;1m⨯[39;22m [90mLine 37: ConcatSwitchSides[39m

  [39;100;1m RUN [39;49;22m src/Persistence/IdentifierLinkageViolation.php
  [32;1m✓[39;22m [90mLine 29: ConcatRemoveLeft[39m
  [32;1m✓[39;22m [90mLine 29: ConcatRemoveLeft[39m
  [31;1m⨯[39;22m [90mLine 29: ConcatRemoveRight[39m
  [31;1m⨯[39;22m [90mLine 29: ConcatRemoveRight[39m
  [31;1m⨯[39;22m [90mLine 29: ConcatSwitchSides[39m
  [31;1m⨯[39;22m [90mLine 29: ConcatSwitchSides[39m
  [31;1m⨯[39;22m [90mLine 40: ConcatRemoveLeft[39m
  [31;1m⨯[39;22m [90mLine 40: ConcatRemoveLeft[39m
  [31;1m⨯[39;22m [90mLine 40: ConcatRemoveRight[39m
  [31;1m⨯[39;22m [90mLine 40: ConcatRemoveRight[39m
  [31;1m⨯[39;22m [90mLine 40: ConcatSwitchSides[39m
  [31;1m⨯[39;22m [90mLine 40: ConcatSwitchSides[39m
  [31;1m⨯[39;22m [90mLine 50: ConcatRemoveLeft[39m
  [31;1m⨯[39;22m [90mLine 50: ConcatRemoveLeft[39m
  [31;1m⨯[39;22m [90mLine 50: ConcatRemoveLeft[39m
  [31;1m⨯[39;22m [90mLine 50: ConcatRemoveRight[39m
  [31;1m⨯[39;22m [90mLine 50: ConcatRemoveRight[39m
  [31;1m⨯[39;22m [90mLine 50: ConcatRemoveRight[39m
  [31;1m⨯[39;22m [90mLine 50: ConcatSwitchSides[39m
  [31;1m⨯[39;22m [90mLine 50: ConcatSwitchSides[39m
  [31;1m⨯[39;22m [90mLine 50: ConcatSwitchSides[39m
  [39;41;1m UNTESTED [39;49;22m [39;1msrc/Persistence/ChallengeTargetViolation.php [39;22m[90m > Line 21: ConcatRemoveRight - ID: 0638e135e4daccae[39m
[39;1m
  [39;22m[90m {[39m[39;1m
  [39;22m[90m     public static function targetRequired(string $factorType): self[39m[39;1m
  [39;22m[90m     {[39m[39;1m
  [39;22m[31m-        return new self(sprintf('A %s challenge must name the credential it was delivered against. Without one, ' . 'the satisfied credential is chosen after the fact and kernel distinctness ' . 'describes a delivery that never happened.', $factorType));[39m[39;1m
  [39;22m[32m+        return new self(sprintf('A %s challenge must name the credential it was delivered against. Without one, ' . 'describes a delivery that never happened.', $factorType));[39m[39;1m
  [39;22m[90m     }[39m[39;1m
  [39;22m[90m     public static function decoyNamedTarget(int $credentialId): self[39m[39;1m
  [39;22m[90m     {[39m[39;1m
  [39;22m[39;1m
[39;22m
[39;1m  [39;22m[39;41;1m UNTESTED [39;49;22m[39;1m [39;22m[39;1msrc/Persistence/ChallengeTargetViolation.php [39;22m[90m > Line 21: ConcatRemoveRight - ID: 73eaede08a769341[39m
[39;1m
  [39;22m[90m {[39m[39;1m
  [39;22m[90m     public static function targetRequired(string $factorType): self[39m[39;1m
  [39;22m[90m     {[39m[39;1m
  [39;22m[31m-        return new self(sprintf('A %s challenge must name the credential it was delivered against. Without one, ' . 'the satisfied credential is chosen after the fact and kernel distinctness ' . 'describes a delivery that never happened.', $factorType));[39m[39;1m
  [39;22m[32m+        return new self(sprintf('A %s challenge must name the credential it was delivered against. Without one, ' . 'the satisfied credential is chosen after the fact and kernel distinctness ', $factorType));[39m[39;1m
  [39;22m[90m     }[39m[39;1m
  [39;22m[90m     public static function decoyNamedTarget(int $credentialId): self[39m[39;1m
  [39;22m[90m     {[39m[39;1m
  [39;22m[39;1m
[39;22m
[39;1m  [39;22m[39;41;1m UNTESTED [39;49;22m[39;1m [39;22m[39;1msrc/Persistence/ChallengeTargetViolation.php [39;22m[90m > Line 21: ConcatSwitchSides - ID: 955268858e1baa14[39m
[39;1m
  [39;22m[90m {[39m[39;1m
  [39;22m[90m     public static function targetRequired(string $factorType): self[39m[39;1m
  [39;22m[90m     {[39m[39;1m
  [39;22m[31m-        return new self(sprintf('A %s challenge must name the credential it was delivered against. Without one, ' . 'the satisfied credential is chosen after the fact and kernel distinctness ' . 'describes a delivery that never happened.', $factorType));[39m[39;1m
  [39;22m[32m+        return new self(sprintf('the satisfied credential is chosen after the fact and kernel distinctness ' . 'A %s challenge must name the credential it was delivered against. Without one, ' . 'describes a delivery that never happened.', $factorType));[39m[39;1m
  [39;22m[90m     }[39m[39;1m
  [39;22m[90m     public static function decoyNamedTarget(int $credentialId): self[39m[39;1m
  [39;22m[90m     {[39m[39;1m
  [39;22m[39;1m
[39;22m
[39;1m  [39;22m[39;41;1m UNTESTED [39;49;22m[39;1m [39;22m[39;1msrc/Persistence/ChallengeTargetViolation.php [39;22m[90m > Line 21: ConcatSwitchSides - ID: 431a457fc0024074[39m
[39;1m
  [39;22m[90m {[39m[39;1m
  [39;22m[90m     public static function targetRequired(string $factorType): self[39m[39;1m
  [39;22m[90m     {[39m[39;1m
  [39;22m[31m-        return new self(sprintf('A %s challenge must name the credential it was delivered against. Without one, ' . 'the satisfied credential is chosen after the fact and kernel distinctness ' . 'describes a delivery that never happened.', $factorType));[39m[39;1m
  [39;22m[32m+        return new self(sprintf('describes a delivery that never happened.' . ('A %s challenge must name the credential it was delivered against. Without one, ' . 'the satisfied credential is chosen after the fact and kernel distinctness '), $factorType));[39m[39;1m
  [39;22m[90m     }[39m[39;1m
  [39;22m[90m     public static function decoyNamedTarget(int $credentialId): self[39m[39;1m
  [39;22m[90m     {[39m[39;1m
  [39;22m[39;1m
[39;22m
[39;1m  [39;22m[39;101;1m UNCOVERED [39;49;22m[39;1m [39;22m[39;1msrc/Persistence/ChallengeTargetViolation.php [39;22m[90m > Line 31: ConcatRemoveLeft - ID: 3a95c3d02d97c628[39m
[39;1m
  [39;22m[90m     }[39m[39;1m
  [39;22m[90m     public static function decoyNamedTarget(int $credentialId): self[39m[39;1m
  [39;22m[90m     {[39m[39;1m
  [39;22m[31m-        return new self(sprintf('Decoy challenge cannot name credential %d. A decoy with a real target could ' . 'contact a provider or satisfy verification while claiming to be inert.', $credentialId));[39m[39;1m
  [39;22m[32m+        return new self(sprintf('contact a provider or satisfy verification while claiming to be inert.', $credentialId));[39m[39;1m
  [39;22m[90m     }[39m[39;1m
  [39;22m[90m     public static function missing(int $credentialId): self[39m[39;1m
  [39;22m[90m     {[39m[39;1m
  [39;22m[39;1m
[39;22m
[39;1m  [39;22m[39;101;1m UNCOVERED [39;49;22m[39;1m [39;22m[39;1msrc/Persistence/ChallengeTargetViolation.php [39;22m[90m > Line 31: ConcatRemoveRight - ID: 9bd9743a43360cb6[39m
[39;1m
  [39;22m[90m     }[39m[39;1m
  [39;22m[90m     public static function decoyNamedTarget(int $credentialId): self[39m[39;1m
  [39;22m[90m     {[39m[39;1m
  [39;22m[31m-        return new self(sprintf('Decoy challenge cannot name credential %d. A decoy with a real target could ' . 'contact a provider or satisfy verification while claiming to be inert.', $credentialId));[39m[39;1m
  [39;22m[32m+        return new self(sprintf('Decoy challenge cannot name credential %d. A decoy with a real target could ', $credentialId));[39m[39;1m
  [39;22m[90m     }[39m[39;1m
  [39;22m[90m     public static function missing(int $credentialId): self[39m[39;1m
  [39;22m[90m     {[39m[39;1m
  [39;22m[39;1m
[39;22m
[39;1m  [39;22m[39;101;1m UNCOVERED [39;49;22m[39;1m [39;22m[39;1msrc/Persistence/ChallengeTargetViolation.php [39;22m[90m > Line 31: ConcatSwitchSides - ID: 27582325ed46c714[39m
[39;1m
  [39;22m[90m     }[39m[39;1m
  [39;22m[90m     public static function decoyNamedTarget(int $credentialId): self[39m[39;1m
  [39;22m[90m     {[39m[39;1m
  [39;22m[31m-        return new self(sprintf('Decoy challenge cannot name credential %d. A decoy with a real target could ' . 'contact a provider or satisfy verification while claiming to be inert.', $credentialId));[39m[39;1m
  [39;22m[32m+        return new self(sprintf('contact a provider or satisfy verification while claiming to be inert.' . 'Decoy challenge cannot name credential %d. A decoy with a real target could ', $credentialId));[39m[39;1m
  [39;22m[90m     }[39m[39;1m
  [39;22m[90m     public static function missing(int $credentialId): self[39m[39;1m
  [39;22m[90m     {[39m[39;1m
  [39;22m[39;1m
[39;22m
[39;1m  [39;22m[39;41;1m UNTESTED [39;49;22m[39;1m [39;22m[39;1msrc/Persistence/ChallengeTargetViolation.php [39;22m[90m > Line 53: ConcatRemoveRight - ID: fa34c20063ca93a9[39m
[39;1m
  [39;22m[90m     }[39m[39;1m
  [39;22m[90m     public static function foreignUser(int $credentialId, ?int $attemptUserId): self[39m[39;1m
  [39;22m[90m     {[39m[39;1m
  [39;22m[31m-        return new self(sprintf('Credential %d does not belong to the attempt user (%s). A challenge delivered ' . 'against another user credential would authenticate the wrong account.', $credentialId, $attemptUserId === null ? 'the attempt has no identified user' : (string) $attemptUserId));[39m[39;1m
  [39;22m[32m+        return new self(sprintf('Credential %d does not belong to the attempt user (%s). A challenge delivered ', $credentialId, $attemptUserId === null ? 'the attempt has no identified user' : (string) $attemptUserId));[39m[39;1m
  [39;22m[90m     }[39m[39;1m
  [39;22m[90m     public static function notIdentifierLinked(int $credentialId): self[39m[39;1m
  [39;22m[90m     {[39m[39;1m
  [39;22m[39;1m
[39;22m
[39;1m  [39;22m[39;41;1m UNTESTED [39;49;22m[39;1m [39;22m[39;1msrc/Persistence/ChallengeTargetViolation.php [39;22m[90m > Line 53: ConcatSwitchSides - ID: 3cc4e22a3066b712[39m
[39;1m
  [39;22m[90m     }[39m[39;1m
  [39;22m[90m     public static function foreignUser(int $credentialId, ?int $attemptUserId): self[39m[39;1m
  [39;22m[90m     {[39m[39;1m
  [39;22m[31m-        return new self(sprintf('Credential %d does not belong to the attempt user (%s). A challenge delivered ' . 'against another user credential would authenticate the wrong account.', $credentialId, $attemptUserId === null ? 'the attempt has no identified user' : (string) $attemptUserId));[39m[39;1m
  [39;22m[32m+        return new self(sprintf('against another user credential would authenticate the wrong account.' . 'Credential %d does not belong to the attempt user (%s). A challenge delivered ', $credentialId, $attemptUserId === null ? 'the attempt has no identified user' : (string) $attemptUserId));[39m[39;1m
  [39;22m[90m     }[39m[39;1m
  [39;22m[90m     public static function notIdentifierLinked(int $credentialId): self[39m[39;1m
  [39;22m[90m     {[39m[39;1m
  [39;22m[39;1m
[39;22m
[39;1m  [39;22m[39;41;1m UNTESTED [39;49;22m[39;1m [39;22m[39;1msrc/Persistence/ChallengeTargetViolation.php [39;22m[90m > Line 56: RemoveStringCast - ID: ef7fc76cd4407610[39m
[39;1m
  [39;22m[90m     }[39m[39;1m
  [39;22m[90m     public static function foreignUser(int $credentialId, ?int $attemptUserId): self[39m[39;1m
  [39;22m[90m     {[39m[39;1m
  [39;22m[31m-        return new self(sprintf('Credential %d does not belong to the attempt user (%s). A challenge delivered ' . 'against another user credential would authenticate the wrong account.', $credentialId, $attemptUserId === null ? 'the attempt has no identified user' : (string) $attemptUserId));[39m[39;1m
  [39;22m[32m+        return new self(sprintf('Credential %d does not belong to the attempt user (%s). A challenge delivered ' . 'against another user credential would authenticate the wrong account.', $credentialId, $attemptUserId === null ? 'the attempt has no identified user' : $attemptUserId));[39m[39;1m
  [39;22m[90m     }[39m[39;1m
  [39;22m[90m     public static function notIdentifierLinked(int $credentialId): self[39m[39;1m
  [39;22m[90m     {[39m[39;1m
  [39;22m[39;1m
[39;22m
[39;1m  [39;22m[39;41;1m UNTESTED [39;49;22m[39;1m [39;22m[39;1msrc/Persistence/ValueBoundViolation.php [39;22m[90m > Line 25: ConcatRemoveRight - ID: 684c32b46bf4002d[39m
[39;1m
  [39;22m[90m {[39m[39;1m
  [39;22m[90m     public static function tooLong(string $model, string $attribute, int $max, int $actual): self[39m[39;1m
  [39;22m[90m     {[39m[39;1m
  [39;22m[31m-        return new self(sprintf('%s::$%s exceeds its %d-character bound (%d given). Vouch refuses rather than ' . 'truncates: a truncated identity value can collide with another under a unique index.', $model, $attribute, $max, $actual));[39m[39;1m
  [39;22m[32m+        return new self(sprintf('%s::$%s exceeds its %d-character bound (%d given). Vouch refuses rather than ', $model, $attribute, $max, $actual));[39m[39;1m
  [39;22m[90m     }[39m[39;1m
  [39;22m[90m     public static function notAscii(string $model, string $attribute): self[39m[39;1m
  [39;22m[90m     {[39m[39;1m
  [39;22m[39;1m
[39;22m
[39;1m  [39;22m[39;41;1m UNTESTED [39;49;22m[39;1m [39;22m[39;1msrc/Persistence/ValueBoundViolation.php [39;22m[90m > Line 25: ConcatSwitchSides - ID: ce7994fbc88de0c1[39m
[39;1m
  [39;22m[90m {[39m[39;1m
  [39;22m[90m     public static function tooLong(string $model, string $attribute, int $max, int $actual): self[39m[39;1m
  [39;22m[90m     {[39m[39;1m
  [39;22m[31m-        return new self(sprintf('%s::$%s exceeds its %d-character bound (%d given). Vouch refuses rather than ' . 'truncates: a truncated identity value can collide with another under a unique index.', $model, $attribute, $max, $actual));[39m[39;1m
  [39;22m[32m+        return new self(sprintf('truncates: a truncated identity value can collide with another under a unique index.' . '%s::$%s exceeds its %d-character bound (%d given). Vouch refuses rather than ', $model, $attribute, $max, $actual));[39m[39;1m
  [39;22m[90m     }[39m[39;1m
  [39;22m[90m     public static function notAscii(string $model, string $attribute): self[39m[39;1m
  [39;22m[90m     {[39m[39;1m
  [39;22m[39;1m
[39;22m
[39;1m  [39;22m[39;41;1m UNTESTED [39;49;22m[39;1m [39;22m[39;1msrc/Persistence/ValueBoundViolation.php [39;22m[90m > Line 37: ConcatRemoveRight - ID: a24a48ef184a80c2[39m
[39;1m
  [39;22m[90m     }[39m[39;1m
  [39;22m[90m     public static function notAscii(string $model, string $attribute): self[39m[39;1m
  [39;22m[90m     {[39m[39;1m
  [39;22m[31m-        return new self(sprintf('%s::$%s must be ASCII. Vouch refuses rather than normalises: two distinct ' . 'values normalising to one would collide under a unique index.', $model, $attribute));[39m[39;1m
  [39;22m[32m+        return new self(sprintf('%s::$%s must be ASCII. Vouch refuses rather than normalises: two distinct ', $model, $attribute));[39m[39;1m
  [39;22m[90m     }[39m[39;1m
  [39;22m[90m }[39m[39;1m
  [39;22m[39;1m
[39;22m
[39;1m  [39;22m[39;41;1m UNTESTED [39;49;22m[39;1m [39;22m[39;1msrc/Persistence/ValueBoundViolation.php [39;22m[90m > Line 37: ConcatSwitchSides - ID: 681a0a0946c0ed52[39m
[39;1m
  [39;22m[90m     }[39m[39;1m
  [39;22m[90m     public static function notAscii(string $model, string $attribute): self[39m[39;1m
  [39;22m[90m     {[39m[39;1m
  [39;22m[31m-        return new self(sprintf('%s::$%s must be ASCII. Vouch refuses rather than normalises: two distinct ' . 'values normalising to one would collide under a unique index.', $model, $attribute));[39m[39;1m
  [39;22m[32m+        return new self(sprintf('values normalising to one would collide under a unique index.' . '%s::$%s must be ASCII. Vouch refuses rather than normalises: two distinct ', $model, $attribute));[39m[39;1m
  [39;22m[90m     }[39m[39;1m
  [39;22m[90m }[39m[39;1m
  [39;22m[39;1m
[39;22m
[39;1m  [39;22m[39;41;1m UNTESTED [39;49;22m[39;1m [39;22m[39;1msrc/Persistence/IdentifierLinkageViolation.php [39;22m[90m > Line 29: ConcatRemoveRight - ID: d1ade2fbb1793e84[39m
[39;1m
  [39;22m[90m     }[39m[39;1m
  [39;22m[90m     public static function crossUser(int $credentialUserId, int $identifierUserId): self[39m[39;1m
  [39;22m[90m     {[39m[39;1m
  [39;22m[31m-        return new self(sprintf('Refusing to link a credential owned by user %d to an identifier owned by user %d. ' . 'An OTP credential delivers to its identifier, so a cross-user link routes ' . 'authentication codes to somebody else.', $credentialUserId, $identifierUserId));[39m[39;1m
  [39;22m[32m+        return new self(sprintf('Refusing to link a credential owned by user %d to an identifier owned by user %d. ' . 'authentication codes to somebody else.', $credentialUserId, $identifierUserId));[39m[39;1m
  [39;22m[90m     }[39m[39;1m
  [39;22m[90m     public static function unverified(int $identifierId): self[39m[39;1m
  [39;22m[90m     {[39m[39;1m
  [39;22m[39;1m
[39;22m
[39;1m  [39;22m[39;41;1m UNTESTED [39;49;22m[39;1m [39;22m[39;1msrc/Persistence/IdentifierLinkageViolation.php [39;22m[90m > Line 29: ConcatRemoveRight - ID: 5e4463fc3d8d95f5[39m
[39;1m
  [39;22m[90m     }[39m[39;1m
  [39;22m[90m     public static function crossUser(int $credentialUserId, int $identifierUserId): self[39m[39;1m
  [39;22m[90m     {[39m[39;1m
  [39;22m[31m-        return new self(sprintf('Refusing to link a credential owned by user %d to an identifier owned by user %d. ' . 'An OTP credential delivers to its identifier, so a cross-user link routes ' . 'authentication codes to somebody else.', $credentialUserId, $identifierUserId));[39m[39;1m
  [39;22m[32m+        return new self(sprintf('Refusing to link a credential owned by user %d to an identifier owned by user %d. ' . 'An OTP credential delivers to its identifier, so a cross-user link routes ', $credentialUserId, $identifierUserId));[39m[39;1m
  [39;22m[90m     }[39m[39;1m
  [39;22m[90m     public static function unverified(int $identifierId): self[39m[39;1m
  [39;22m[90m     {[39m[39;1m
  [39;22m[39;1m
[39;22m
[39;1m  [39;22m[39;41;1m UNTESTED [39;49;22m[39;1m [39;22m[39;1msrc/Persistence/IdentifierLinkageViolation.php [39;22m[90m > Line 29: ConcatSwitchSides - ID: c699efe37a3ed883[39m
[39;1m
  [39;22m[90m     }[39m[39;1m
  [39;22m[90m     public static function crossUser(int $credentialUserId, int $identifierUserId): self[39m[39;1m
  [39;22m[90m     {[39m[39;1m
  [39;22m[31m-        return new self(sprintf('Refusing to link a credential owned by user %d to an identifier owned by user %d. ' . 'An OTP credential delivers to its identifier, so a cross-user link routes ' . 'authentication codes to somebody else.', $credentialUserId, $identifierUserId));[39m[39;1m
  [39;22m[32m+        return new self(sprintf('An OTP credential delivers to its identifier, so a cross-user link routes ' . 'Refusing to link a credential owned by user %d to an identifier owned by user %d. ' . 'authentication codes to somebody else.', $credentialUserId, $identifierUserId));[39m[39;1m
  [39;22m[90m     }[39m[39;1m
  [39;22m[90m     public static function unverified(int $identifierId): self[39m[39;1m
  [39;22m[90m     {[39m[39;1m
  [39;22m[39;1m
[39;22m
[39;1m  [39;22m[39;41;1m UNTESTED [39;49;22m[39;1m [39;22m[39;1msrc/Persistence/IdentifierLinkageViolation.php [39;22m[90m > Line 29: ConcatSwitchSides - ID: 41d754960b368403[39m
[39;1m
  [39;22m[90m     }[39m[39;1m
  [39;22m[90m     public static function crossUser(int $credentialUserId, int $identifierUserId): self[39m[39;1m
  [39;22m[90m     {[39m[39;1m
  [39;22m[31m-        return new self(sprintf('Refusing to link a credential owned by user %d to an identifier owned by user %d. ' . 'An OTP credential delivers to its identifier, so a cross-user link routes ' . 'authentication codes to somebody else.', $credentialUserId, $identifierUserId));[39m[39;1m
  [39;22m[32m+        return new self(sprintf('authentication codes to somebody else.' . ('Refusing to link a credential owned by user %d to an identifier owned by user %d. ' . 'An OTP credential delivers to its identifier, so a cross-user link routes '), $credentialUserId, $identifierUserId));[39m[39;1m
  [39;22m[90m     }[39m[39;1m
  [39;22m[90m     public static function unverified(int $identifierId): self[39m[39;1m
  [39;22m[90m     {[39m[39;1m
  [39;22m[39;1m
[39;22m
[39;1m  [39;22m[39;41;1m UNTESTED [39;49;22m[39;1m [39;22m[39;1msrc/Persistence/IdentifierLinkageViolation.php [39;22m[90m > Line 40: ConcatRemoveLeft - ID: 91a79912aad87b14[39m
[39;1m
  [39;22m[90m     }[39m[39;1m
  [39;22m[90m     public static function unverified(int $identifierId): self[39m[39;1m
  [39;22m[90m     {[39m[39;1m
  [39;22m[31m-        return new self(sprintf('Identifier %d is not verified. An unverified identifier is attacker-supplied ' . 'until proven, and linking OTP delivery to one routes codes to an address ' . 'nobody has demonstrated control of.', $identifierId));[39m[39;1m
  [39;22m[32m+        return new self(sprintf('until proven, and linking OTP delivery to one routes codes to an address ' . 'nobody has demonstrated control of.', $identifierId));[39m[39;1m
  [39;22m[90m     }[39m[39;1m
  [39;22m[90m     public static function frozen(int $identifierId): self[39m[39;1m
  [39;22m[90m     {[39m[39;1m
  [39;22m[39;1m
[39;22m
[39;1m  [39;22m[39;41;1m UNTESTED [39;49;22m[39;1m [39;22m[39;1msrc/Persistence/IdentifierLinkageViolation.php [39;22m[90m > Line 40: ConcatRemoveLeft - ID: 67fc8dc3af2236bd[39m
[39;1m
  [39;22m[90m     }[39m[39;1m
  [39;22m[90m     public static function unverified(int $identifierId): self[39m[39;1m
  [39;22m[90m     {[39m[39;1m
  [39;22m[31m-        return new self(sprintf('Identifier %d is not verified. An unverified identifier is attacker-supplied ' . 'until proven, and linking OTP delivery to one routes codes to an address ' . 'nobody has demonstrated control of.', $identifierId));[39m[39;1m
  [39;22m[32m+        return new self(sprintf('nobody has demonstrated control of.', $identifierId));[39m[39;1m
  [39;22m[90m     }[39m[39;1m
  [39;22m[90m     public static function frozen(int $identifierId): self[39m[39;1m
  [39;22m[90m     {[39m[39;1m
  [39;22m[39;1m
[39;22m
[39;1m  [39;22m[39;41;1m UNTESTED [39;49;22m[39;1m [39;22m[39;1msrc/Persistence/IdentifierLinkageViolation.php [39;22m[90m > Line 40: ConcatRemoveRight - ID: b2b692f68f889738[39m
[39;1m
  [39;22m[90m     }[39m[39;1m
  [39;22m[90m     public static function unverified(int $identifierId): self[39m[39;1m
  [39;22m[90m     {[39m[39;1m
  [39;22m[31m-        return new self(sprintf('Identifier %d is not verified. An unverified identifier is attacker-supplied ' . 'until proven, and linking OTP delivery to one routes codes to an address ' . 'nobody has demonstrated control of.', $identifierId));[39m[39;1m
  [39;22m[32m+        return new self(sprintf('Identifier %d is not verified. An unverified identifier is attacker-supplied ' . 'nobody has demonstrated control of.', $identifierId));[39m[39;1m
  [39;22m[90m     }[39m[39;1m
  [39;22m[90m     public static function frozen(int $identifierId): self[39m[39;1m
  [39;22m[90m     {[39m[39;1m
  [39;22m[39;1m
[39;22m
[39;1m  [39;22m[39;41;1m UNTESTED [39;49;22m[39;1m [39;22m[39;1msrc/Persistence/IdentifierLinkageViolation.php [39;22m[90m > Line 40: ConcatRemoveRight - ID: 0a3921464197b889[39m
[39;1m
  [39;22m[90m     }[39m[39;1m
  [39;22m[90m     public static function unverified(int $identifierId): self[39m[39;1m
  [39;22m[90m     {[39m[39;1m
  [39;22m[31m-        return new self(sprintf('Identifier %d is not verified. An unverified identifier is attacker-supplied ' . 'until proven, and linking OTP delivery to one routes codes to an address ' . 'nobody has demonstrated control of.', $identifierId));[39m[39;1m
  [39;22m[32m+        return new self(sprintf('Identifier %d is not verified. An unverified identifier is attacker-supplied ' . 'until proven, and linking OTP delivery to one routes codes to an address ', $identifierId));[39m[39;1m
  [39;22m[90m     }[39m[39;1m
  [39;22m[90m     public static function frozen(int $identifierId): self[39m[39;1m
  [39;22m[90m     {[39m[39;1m
  [39;22m[39;1m
[39;22m
[39;1m  [39;22m[39;41;1m UNTESTED [39;49;22m[39;1m [39;22m[39;1msrc/Persistence/IdentifierLinkageViolation.php [39;22m[90m > Line 40: ConcatSwitchSides - ID: d34cf1f6cf7dad5f[39m
[39;1m
  [39;22m[90m     }[39m[39;1m
  [39;22m[90m     public static function unverified(int $identifierId): self[39m[39;1m
  [39;22m[90m     {[39m[39;1m
  [39;22m[31m-        return new self(sprintf('Identifier %d is not verified. An unverified identifier is attacker-supplied ' . 'until proven, and linking OTP delivery to one routes codes to an address ' . 'nobody has demonstrated control of.', $identifierId));[39m[39;1m
  [39;22m[32m+        return new self(sprintf('until proven, and linking OTP delivery to one routes codes to an address ' . 'Identifier %d is not verified. An unverified identifier is attacker-supplied ' . 'nobody has demonstrated control of.', $identifierId));[39m[39;1m
  [39;22m[90m     }[39m[39;1m
  [39;22m[90m     public static function frozen(int $identifierId): self[39m[39;1m
  [39;22m[90m     {[39m[39;1m
  [39;22m[39;1m
[39;22m
[39;1m  [39;22m[39;41;1m UNTESTED [39;49;22m[39;1m [39;22m[39;1msrc/Persistence/IdentifierLinkageViolation.php [39;22m[90m > Line 40: ConcatSwitchSides - ID: 5c00e37c4b754904[39m
[39;1m
  [39;22m[90m     }[39m[39;1m
  [39;22m[90m     public static function unverified(int $identifierId): self[39m[39;1m
  [39;22m[90m     {[39m[39;1m
  [39;22m[31m-        return new self(sprintf('Identifier %d is not verified. An unverified identifier is attacker-supplied ' . 'until proven, and linking OTP delivery to one routes codes to an address ' . 'nobody has demonstrated control of.', $identifierId));[39m[39;1m
  [39;22m[32m+        return new self(sprintf('nobody has demonstrated control of.' . ('Identifier %d is not verified. An unverified identifier is attacker-supplied ' . 'until proven, and linking OTP delivery to one routes codes to an address '), $identifierId));[39m[39;1m
  [39;22m[90m     }[39m[39;1m
  [39;22m[90m     public static function frozen(int $identifierId): self[39m[39;1m
  [39;22m[90m     {[39m[39;1m
  [39;22m[39;1m
[39;22m
[39;1m  [39;22m[39;41;1m UNTESTED [39;49;22m[39;1m [39;22m[39;1msrc/Persistence/IdentifierLinkageViolation.php [39;22m[90m > Line 50: ConcatRemoveLeft - ID: cbeead125270e74d[39m
[39;1m
  [39;22m[90m     }[39m[39;1m
  [39;22m[90m     public static function frozen(int $identifierId): self[39m[39;1m
  [39;22m[90m     {[39m[39;1m
  [39;22m[31m-        return new self(sprintf('Identifier %d is referenced by at least one credential, so its value is frozen. ' . 'Mutating it in place would silently redirect every OTP credential pointing at ' . 'this row — an account takeover requiring no credential change at all. Create ' . 'and verify a new identifier, then enroll a new credential against it.', $identifierId));[39m[39;1m
  [39;22m[32m+        return new self(sprintf('Mutating it in place would silently redirect every OTP credential pointing at ' . 'this row — an account takeover requiring no credential change at all. Create ' . 'and verify a new identifier, then enroll a new credential against it.', $identifierId));[39m[39;1m
  [39;22m[90m     }[39m[39;1m
  [39;22m[90m }[39m[39;1m
  [39;22m[39;1m
[39;22m
[39;1m  [39;22m[39;41;1m UNTESTED [39;49;22m[39;1m [39;22m[39;1msrc/Persistence/IdentifierLinkageViolation.php [39;22m[90m > Line 50: ConcatRemoveLeft - ID: 3f42da2a4779628d[39m
[39;1m
  [39;22m[90m     }[39m[39;1m
  [39;22m[90m     public static function frozen(int $identifierId): self[39m[39;1m
  [39;22m[90m     {[39m[39;1m
  [39;22m[31m-        return new self(sprintf('Identifier %d is referenced by at least one credential, so its value is frozen. ' . 'Mutating it in place would silently redirect every OTP credential pointing at ' . 'this row — an account takeover requiring no credential change at all. Create ' . 'and verify a new identifier, then enroll a new credential against it.', $identifierId));[39m[39;1m
  [39;22m[32m+        return new self(sprintf('this row — an account takeover requiring no credential change at all. Create ' . 'and verify a new identifier, then enroll a new credential against it.', $identifierId));[39m[39;1m
  [39;22m[90m     }[39m[39;1m
  [39;22m[90m }[39m[39;1m
  [39;22m[39;1m
[39;22m
[39;1m  [39;22m[39;41;1m UNTESTED [39;49;22m[39;1m [39;22m[39;1msrc/Persistence/IdentifierLinkageViolation.php [39;22m[90m > Line 50: ConcatRemoveLeft - ID: cfe2101f1d4424b0[39m
[39;1m
  [39;22m[90m     }[39m[39;1m
  [39;22m[90m     public static function frozen(int $identifierId): self[39m[39;1m
  [39;22m[90m     {[39m[39;1m
  [39;22m[31m-        return new self(sprintf('Identifier %d is referenced by at least one credential, so its value is frozen. ' . 'Mutating it in place would silently redirect every OTP credential pointing at ' . 'this row — an account takeover requiring no credential change at all. Create ' . 'and verify a new identifier, then enroll a new credential against it.', $identifierId));[39m[39;1m
  [39;22m[32m+        return new self(sprintf('and verify a new identifier, then enroll a new credential against it.', $identifierId));[39m[39;1m
  [39;22m[90m     }[39m[39;1m
  [39;22m[90m }[39m[39;1m
  [39;22m[39;1m
[39;22m
[39;1m  [39;22m[39;41;1m UNTESTED [39;49;22m[39;1m [39;22m[39;1msrc/Persistence/IdentifierLinkageViolation.php [39;22m[90m > Line 50: ConcatRemoveRight - ID: 77c44bc855d9c667[39m
[39;1m
  [39;22m[90m     }[39m[39;1m
  [39;22m[90m     public static function frozen(int $identifierId): self[39m[39;1m
  [39;22m[90m     {[39m[39;1m
  [39;22m[31m-        return new self(sprintf('Identifier %d is referenced by at least one credential, so its value is frozen. ' . 'Mutating it in place would silently redirect every OTP credential pointing at ' . 'this row — an account takeover requiring no credential change at all. Create ' . 'and verify a new identifier, then enroll a new credential against it.', $identifierId));[39m[39;1m
  [39;22m[32m+        return new self(sprintf('Identifier %d is referenced by at least one credential, so its value is frozen. ' . 'this row — an account takeover requiring no credential change at all. Create ' . 'and verify a new identifier, then enroll a new credential against it.', $identifierId));[39m[39;1m
  [39;22m[90m     }[39m[39;1m
  [39;22m[90m }[39m[39;1m
  [39;22m[39;1m
[39;22m
[39;1m  [39;22m[39;41;1m UNTESTED [39;49;22m[39;1m [39;22m[39;1msrc/Persistence/IdentifierLinkageViolation.php [39;22m[90m > Line 50: ConcatRemoveRight - ID: b4dcf2cc1ee8a72b[39m
[39;1m
  [39;22m[90m     }[39m[39;1m
  [39;22m[90m     public static function frozen(int $identifierId): self[39m[39;1m
  [39;22m[90m     {[39m[39;1m
  [39;22m[31m-        return new self(sprintf('Identifier %d is referenced by at least one credential, so its value is frozen. ' . 'Mutating it in place would silently redirect every OTP credential pointing at ' . 'this row — an account takeover requiring no credential change at all. Create ' . 'and verify a new identifier, then enroll a new credential against it.', $identifierId));[39m[39;1m
  [39;22m[32m+        return new self(sprintf('Identifier %d is referenced by at least one credential, so its value is frozen. ' . 'Mutating it in place would silently redirect every OTP credential pointing at ' . 'and verify a new identifier, then enroll a new credential against it.', $identifierId));[39m[39;1m
  [39;22m[90m     }[39m[39;1m
  [39;22m[90m }[39m[39;1m
  [39;22m[39;1m
[39;22m
[39;1m  [39;22m[39;41;1m UNTESTED [39;49;22m[39;1m [39;22m[39;1msrc/Persistence/IdentifierLinkageViolation.php [39;22m[90m > Line 50: ConcatRemoveRight - ID: 7fcc1f79c06c819d[39m
[39;1m
  [39;22m[90m     }[39m[39;1m
  [39;22m[90m     public static function frozen(int $identifierId): self[39m[39;1m
  [39;22m[90m     {[39m[39;1m
  [39;22m[31m-        return new self(sprintf('Identifier %d is referenced by at least one credential, so its value is frozen. ' . 'Mutating it in place would silently redirect every OTP credential pointing at ' . 'this row — an account takeover requiring no credential change at all. Create ' . 'and verify a new identifier, then enroll a new credential against it.', $identifierId));[39m[39;1m
  [39;22m[32m+        return new self(sprintf('Identifier %d is referenced by at least one credential, so its value is frozen. ' . 'Mutating it in place would silently redirect every OTP credential pointing at ' . 'this row — an account takeover requiring no credential change at all. Create ', $identifierId));[39m[39;1m
  [39;22m[90m     }[39m[39;1m
  [39;22m[90m }[39m[39;1m
  [39;22m[39;1m
[39;22m
[39;1m  [39;22m[39;41;1m UNTESTED [39;49;22m[39;1m [39;22m[39;1msrc/Persistence/IdentifierLinkageViolation.php [39;22m[90m > Line 50: ConcatSwitchSides - ID: 5bd6d589f667e224[39m
[39;1m
  [39;22m[90m     }[39m[39;1m
  [39;22m[90m     public static function frozen(int $identifierId): self[39m[39;1m
  [39;22m[90m     {[39m[39;1m
  [39;22m[31m-        return new self(sprintf('Identifier %d is referenced by at least one credential, so its value is frozen. ' . 'Mutating it in place would silently redirect every OTP credential pointing at ' . 'this row — an account takeover requiring no credential change at all. Create ' . 'and verify a new identifier, then enroll a new credential against it.', $identifierId));[39m[39;1m
  [39;22m[32m+        return new self(sprintf('Mutating it in place would silently redirect every OTP credential pointing at ' . 'Identifier %d is referenced by at least one credential, so its value is frozen. ' . 'this row — an account takeover requiring no credential change at all. Create ' . 'and verify a new identifier, then enroll a new credential against it.', $identifierId));[39m[39;1m
  [39;22m[90m     }[39m[39;1m
  [39;22m[90m }[39m[39;1m
  [39;22m[39;1m
[39;22m
[39;1m  [39;22m[39;41;1m UNTESTED [39;49;22m[39;1m [39;22m[39;1msrc/Persistence/IdentifierLinkageViolation.php [39;22m[90m > Line 50: ConcatSwitchSides - ID: 964ebac2b70cfb9c[39m
[39;1m
  [39;22m[90m     }[39m[39;1m
  [39;22m[90m     public static function frozen(int $identifierId): self[39m[39;1m
  [39;22m[90m     {[39m[39;1m
  [39;22m[31m-        return new self(sprintf('Identifier %d is referenced by at least one credential, so its value is frozen. ' . 'Mutating it in place would silently redirect every OTP credential pointing at ' . 'this row — an account takeover requiring no credential change at all. Create ' . 'and verify a new identifier, then enroll a new credential against it.', $identifierId));[39m[39;1m
  [39;22m[32m+        return new self(sprintf('this row — an account takeover requiring no credential change at all. Create ' . ('Identifier %d is referenced by at least one credential, so its value is frozen. ' . 'Mutating it in place would silently redirect every OTP credential pointing at ') . 'and verify a new identifier, then enroll a new credential against it.', $identifierId));[39m[39;1m
  [39;22m[90m     }[39m[39;1m
  [39;22m[90m }[39m[39;1m
  [39;22m[39;1m
[39;22m
[39;1m  [39;22m[39;41;1m UNTESTED [39;49;22m[39;1m [39;22m[39;1msrc/Persistence/IdentifierLinkageViolation.php [39;22m[90m > Line 50: ConcatSwitchSides - ID: aa465f4c91d91a32[39m
[39;1m
  [39;22m[90m     }[39m[39;1m
  [39;22m[90m     public static function frozen(int $identifierId): self[39m[39;1m
  [39;22m[90m     {[39m[39;1m
  [39;22m[31m-        return new self(sprintf('Identifier %d is referenced by at least one credential, so its value is frozen. ' . 'Mutating it in place would silently redirect every OTP credential pointing at ' . 'this row — an account takeover requiring no credential change at all. Create ' . 'and verify a new identifier, then enroll a new credential against it.', $identifierId));[39m[39;1m
  [39;22m[32m+        return new self(sprintf('and verify a new identifier, then enroll a new credential against it.' . ('Identifier %d is referenced by at least one credential, so its value is frozen. ' . 'Mutating it in place would silently redirect every OTP credential pointing at ' . 'this row — an account takeover requiring no credential change at all. Create '), $identifierId));[39m[39;1m
  [39;22m[90m     }[39m[39;1m
  [39;22m[90m }[39m[39;1m
  [39;22m[39;1m
[39;22m
[39;1m  [39;22m[90mMutations:[39m[39;1m [39;22m[31;1m30 untested[39;22m[90m,[39m[39m [39m[33;1m3 uncovered[39;22m[90m,[39m[39m [39m[32;1m9 tested[39;22m
[39m  [39m[90mScore:[39m[39m     [39m[39m21.43%[39m
[39m  [39m[90mDuration:[39m[39m  [39m[39m21.97s[39m

