
  ............................................................................
  ............................................................................
  ............................................................................
  ............................................................................
  ............................................................................
  ............................................................................
  ............................................................................
  ............................................................................
  ............................................................................
  ............................................................................
  ............................................................................
  ............................................................................
  ............................................................................
  ............................................................................
  ............................................................................
  .....................

  Tests:    1161 passed (4092 assertions)
  Duration: 30.96s

  Mutating application files...
  13 Mutations for 1 Files created

   RUN  src/Jobs/DeliverOtpChallenge.php
  - Line 17: DecrementInteger
  - Line 17: IncrementInteger
  ✓ Line 26: RemoveMethodCall
  ✓ Line 32: IfNegated
  ⨯ Line 32: InstanceOfToTrue
  ✓ Line 32: InstanceOfToFalse
  ✓ Line 33: DecrementInteger
  ⨯ Line 33: IncrementInteger
  ✓ Line 33: RemoveMethodCall
  ✓ Line 44: RemoveMethodCall
  ✓ Line 46: TernaryNegated
  ✓ Line 46: NotIdenticalToIdentical
  ⨯ Line 46: RemoveNullSafeOperator
   UNCOVERED  src/Jobs/DeliverOtpChallenge.php  > Line 17: DecrementInteger - ID: 4ef81fb862754449

   /** Queue payload contains only an opaque outbox locator, never target or code. */
   final class DeliverOtpChallenge implements ShouldQueue
   {
  -    public int $tries = 5;
  +    public int $tries = 4;
       public function __construct(public readonly string $outboxId)
       {
       }
  

   UNCOVERED  src/Jobs/DeliverOtpChallenge.php  > Line 17: IncrementInteger - ID: 077450b00d8e8d0d

   /** Queue payload contains only an opaque outbox locator, never target or code. */
   final class DeliverOtpChallenge implements ShouldQueue
   {
  -    public int $tries = 5;
  +    public int $tries = 6;
       public function __construct(public readonly string $outboxId)
       {
       }
  

   UNTESTED  src/Jobs/DeliverOtpChallenge.php  > Line 32: InstanceOfToTrue - ID: 28ea827ed828c463

               $delivery->deliver($this->outboxId);
           } catch (RetryableOtpDeliveryFailure) {
               $outbox = \Fissible\Vouch\Models\AuthChallengeOutbox::query()->where('opaque_id', $this->outboxId)->first();
  -            if ($outbox instanceof \Fissible\Vouch\Models\AuthChallengeOutbox) {
  +            if (true) {
                   app(OtpQueueDispatcher::class)->dispatchAfter($outbox, 1);
               }
           }
  

   UNTESTED  src/Jobs/DeliverOtpChallenge.php  > Line 33: IncrementInteger - ID: 9a37b28fbd51f97f

           } catch (RetryableOtpDeliveryFailure) {
               $outbox = \Fissible\Vouch\Models\AuthChallengeOutbox::query()->where('opaque_id', $this->outboxId)->first();
               if ($outbox instanceof \Fissible\Vouch\Models\AuthChallengeOutbox) {
  -                app(OtpQueueDispatcher::class)->dispatchAfter($outbox, 1);
  +                app(OtpQueueDispatcher::class)->dispatchAfter($outbox, 2);
               }
           }
       }
  

   UNTESTED  src/Jobs/DeliverOtpChallenge.php  > Line 46: RemoveNullSafeOperator - ID: 1eb685c4fedfc16b

       public function failed(?Throwable $exception): void
       {
           $outbox = \Fissible\Vouch\Models\AuthChallengeOutbox::query()->where('opaque_id', $this->outboxId)->first();
  -        app(OtpOutboxDelivery::class)->terminalize($this->outboxId, $outbox?->provider_attempted_at !== null ? OtpOutboxFailureReason::ProviderExhausted : OtpOutboxFailureReason::WorkerFailure);
  +        app(OtpOutboxDelivery::class)->terminalize($this->outboxId, $outbox->provider_attempted_at !== null ? OtpOutboxFailureReason::ProviderExhausted : OtpOutboxFailureReason::WorkerFailure);
       }
   }
  

  Mutations: 3 untested, 2 uncovered, 8 tested
  Score:     61.54%
  Duration:  6.27s

