
  ............................................................................
  ............................................................................
  ............................................................................
  ............................................................................
  ............................................................................
  ............................................................................
  ............................................................................
  ............................................................................
  ............................................................................
  ............................................................................
  ............................................................................
  ............................................................................
  ............................................................................
  ............................................................................
  ............................................................................
  .....................

  Tests:    1161 passed (4092 assertions)
  Duration: 30.80s

  Mutating application files...
  [90m0 Mutations for 0 Files created[39m
  [90mMutations:[39m [32;1m0 tested[39;22m
[39m  [39m[90mScore:[39m[39m     [39m[39m0.00%[39m
[39m  [39m[90mDuration:[39m[39m  [39m[39m0.00s[39m

[39m  [39m[37;44;1m INFO [39;49;22m[39m No mutations created.[39m

