
  ............................................................................
  ............................................................................
  ............................................................................
  ............................................................................
  ............................................................................
  ............................................................................
  ............................................................................
  ............................................................................
  ............................................................................
  ............................................................................
  ............................................................................
  ............................................................................
  ............................................................................
  ............................................................................
  ............................................................................
  ...............................

  Tests:    1171 passed (4108 assertions)
  Duration: 32.83s

  Mutating application files...
  354 Mutations for 6 Files created

   RUN  src/Flow/VerificationEqualizer.php
  ✓ Line 32: IfNegated
  ✓ Line 32: NotIdenticalToIdentical
  ✓ Line 42: CoalesceEqualToEqual
  ✓ Line 44: RemoveMethodCall

   RUN  src/Flow/ScreenBuilder.php
  ✓ Line 50: FalseToTrue
  ✓ Line 51: DecrementInteger
  ✓ Line 51: IncrementInteger
  ✓ Line 51: RemoveArrayItem
  ✓ Line 66: DecrementInteger
  ✓ Line 66: IncrementInteger
  ✓ Line 66: RemoveArrayItem
  ✓ Line 86: BooleanAndToBooleanOr
  ✓ Line 86: InstanceOfToTrue
  ✓ Line 86: InstanceOfToFalse
  ✓ Line 87: IdenticalToNotIdentical
  ✓ Line 89: IfNegated
  ✓ Line 89: IdenticalToNotIdentical
  ✓ Line 89: NotIdenticalToIdentical
  ✓ Line 91: ConcatRemoveLeft
  ✓ Line 91: ConcatRemoveLeft
  ✓ Line 91: ConcatRemoveLeft
  ⨯ Line 91: ConcatRemoveRight
  ⨯ Line 91: ConcatRemoveRight
  ⨯ Line 91: ConcatRemoveRight
  ⨯ Line 91: ConcatSwitchSides
  ⨯ Line 91: ConcatSwitchSides
  ⨯ Line 91: ConcatSwitchSides
  ✓ Line 98: IfNegated
  ✓ Line 98: BooleanAndToBooleanOr
  ✓ Line 98: InstanceOfToTrue
  ✓ Line 98: InstanceOfToFalse
  ✓ Line 99: NotIdenticalToIdentical
  ✓ Line 101: ConcatRemoveLeft
  ✓ Line 101: ConcatRemoveRight
  ✓ Line 101: ConcatSwitchSides
  ✓ Line 108: TernaryNegated
  ✓ Line 108: IdenticalToNotIdentical
  ✓ Line 109: TernaryNegated
  ✓ Line 109: IdenticalToNotIdentical
  ✓ Line 110: DecrementInteger
  ✓ Line 110: IncrementInteger
  ✓ Line 110: RemoveArrayItem
  ✓ Line 111: DecrementInteger
  ✓ Line 111: IncrementInteger
  ✓ Line 111: RemoveArrayItem
  ✓ Line 124: IfNegated
  ✓ Line 124: InstanceOfToTrue
  ✓ Line 124: InstanceOfToFalse
  ✓ Line 125: RemoveEarlyReturn
  ✓ Line 132: IfNegated
  ✓ Line 132: InstanceOfToTrue
  ✓ Line 132: InstanceOfToFalse
  ✓ Line 133: RemoveEarlyReturn
  ✓ Line 148: TrueToFalse
  ✓ Line 151: UnwrapArrayMap
  ✓ Line 151: AlwaysReturnEmptyArray
  ✓ Line 156: IdenticalToNotIdentical
  ✓ Line 158: UnwrapArrayFilter
  ✓ Line 158: UnwrapArrayValues
  ✓ Line 160: BooleanOrToBooleanAnd
  ✓ Line 161: NotIdenticalToIdentical

   RUN  src/Flow/UnknownFlowResult.php
  ✓ Line 23: ConcatRemoveLeft
  ⨯ Line 23: ConcatRemoveRight
  ⨯ Line 23: ConcatSwitchSides

   RUN  src/Flow/AuthFlow.php
  ✓ Line 85: IfNegated
  ✓ Line 85: IdenticalToNotIdentical
  ✓ Line 86: RemoveEarlyReturn
  ✓ Line 96: IfNegated
  ✓ Line 96: NotIdenticalToIdentical
  ✓ Line 96: BooleanOrToBooleanAnd
  ✓ Line 96: InstanceOfToTrue
  ✓ Line 96: InstanceOfToFalse
  ✓ Line 96: RemoveNot
  ✓ Line 97: RemoveEarlyReturn
  ✓ Line 122: DecrementInteger
  ✓ Line 122: IncrementInteger
  ✓ Line 122: RemoveArrayItem
  ✓ Line 123: RemoveArrayItem
  ✓ Line 124: DecrementInteger
  ✓ Line 124: IncrementInteger
  ⨯ Line 124: RemoveArrayItem
  ✓ Line 125: RemoveArrayItem
  ✓ Line 126: RemoveArrayItem
  ✓ Line 127: RemoveArrayItem
  ✓ Line 138: IfNegated
  ✓ Line 138: IdenticalToNotIdentical
  ✓ Line 138: IdenticalToNotIdentical
  ✓ Line 138: BooleanOrToBooleanAnd
  ✓ Line 138: EmptyStringToNotEmpty
  ✓ Line 139: RemoveEarlyReturn
  ✓ Line 146: TernaryNegated
  ✓ Line 146: BooleanAndToBooleanOr
  ✓ Line 146: BooleanAndToBooleanOr
  ✓ Line 147: NotIdenticalToIdentical
  ✓ Line 154: TernaryNegated
  ✓ Line 164: IfNegated
  ✓ Line 164: IdenticalToNotIdentical
  ✓ Line 164: RemoveNullSafeOperator
  ✓ Line 165: RemoveEarlyReturn
  ✓ Line 184: RemoveNullSafeOperator
  ✓ Line 186: RemoveArrayItem
  ✓ Line 186: RemoveArrayItem
  ✓ Line 186: RemoveMethodCall
  ✓ Line 195: IfNegated
  ✓ Line 195: NotIdenticalToIdentical
  ✓ Line 195: BooleanOrToBooleanAnd
  ✓ Line 196: NotIdenticalToIdentical
  ✓ Line 197: RemoveEarlyReturn
  ⨯ Line 203: RemoveMethodCall
  ✓ Line 205: IfNegated
  ✓ Line 205: InstanceOfToTrue
  ✓ Line 205: InstanceOfToFalse
  ✓ Line 206: RemoveMethodCall
  ✓ Line 217: IfNegated
  ✓ Line 217: IdenticalToNotIdentical
  ✓ Line 217: BooleanOrToBooleanAnd
  ✓ Line 217: RemoveNot
  ✓ Line 217: EmptyStringToNotEmpty
  ✓ Line 218: RemoveMethodCall
  ✓ Line 220: RemoveEarlyReturn
  ✓ Line 225: IfNegated
  ✓ Line 225: NotIdenticalToIdentical
  ✓ Line 226: IfNegated
  ⨯ Line 226: BooleanAndToBooleanOr
  ⨯ Line 226: BooleanAndToBooleanOr
  ⨯ Line 226: InstanceOfToTrue
  ✓ Line 226: InstanceOfToFalse
  ✓ Line 227: IdenticalToNotIdentical
  ✓ Line 233: IfNegated
  ✓ Line 233: NotIdenticalToIdentical
  ✓ Line 233: NotIdenticalToIdentical
  ⨯ Line 233: BooleanAndToBooleanOr
  ⨯ Line 233: EmptyStringToNotEmpty
  ✓ Line 240: IfNegated
  ✓ Line 240: InstanceOfToTrue
  ✓ Line 240: InstanceOfToFalse
  ⨯ Line 244: RemoveFunctionCall
  ✓ Line 251: IfNegated
  ✓ Line 251: IdenticalToNotIdentical
  ✓ Line 256: IfNegated
  ✓ Line 256: IdenticalToNotIdentical
  ✓ Line 266: IfNegated
  ✓ Line 266: IdenticalToNotIdentical
  ✓ Line 266: BooleanAndToBooleanOr
  ✓ Line 267: RemoveArrayItem
  ✓ Line 267: RemoveArrayItem
  ✓ Line 270: IfNegated
  ✓ Line 270: BooleanAndToBooleanOr
  ✓ Line 279: IfNegated
  ✓ Line 279: IdenticalToNotIdentical
  ✓ Line 280: RemoveEarlyReturn
  ✓ Line 283: RemoveMethodCall
  ✓ Line 285: RemoveEarlyReturn
  ✓ Line 301: CoalesceRemoveLeft
  ✓ Line 301: DecrementInteger
  ✓ Line 301: IncrementInteger
  ✓ Line 308: IfNegated
  ✓ Line 308: IdenticalToNotIdentical
  ✓ Line 308: IdenticalToNotIdentical
  ✓ Line 308: BooleanOrToBooleanAnd
  ✓ Line 308: BooleanOrToBooleanAnd
  ✓ Line 308: RemoveNot
  ✓ Line 314: RemoveMethodCall
  ✓ Line 316: RemoveEarlyReturn
  ✓ Line 326: IfNegated
  ✓ Line 326: RemoveNot
  ✓ Line 331: IfNegated
  ✓ Line 331: IdenticalToNotIdentical
  ✓ Line 332: RemoveMethodCall
  ✓ Line 335: RemoveEarlyReturn
  ✓ Line 338: RemoveArrayItem
  ✓ Line 338: RemoveArrayItem
  ✓ Line 339: IdenticalToNotIdentical
  ✓ Line 346: IfNegated
  ✓ Line 346: NotIdenticalToIdentical
  ✓ Line 347: RemoveEarlyReturn
  ✓ Line 350: RemoveArrayItem
  ✓ Line 350: RemoveMethodCall
  ✓ Line 352: IfNegated
  ✓ Line 353: RemoveEarlyReturn
  ✓ Line 364: IfNegated
  ✓ Line 364: NotIdenticalToIdentical
  ✓ Line 366: RemoveMethodCall
  ⨯ Line 368: RemoveMethodCall
  ✓ Line 369: CoalesceRemoveLeft
  ✓ Line 369: DecrementInteger
  ✓ Line 369: IncrementInteger
  ✓ Line 371: IfNegated
  ✓ Line 380: IfNegated
  ✓ Line 380: IdenticalToNotIdentical
  ✓ Line 381: RemoveEarlyReturn
  ✓ Line 384: RemoveMethodCall
  ✓ Line 387: RemoveEarlyReturn
  ✓ Line 393: IfNegated
  ✓ Line 393: NotIdenticalToIdentical
  ✓ Line 394: RemoveEarlyReturn
  ✓ Line 400: RemoveMethodCall
  ✓ Line 424: TernaryNegated
  ✓ Line 424: BooleanAndToBooleanOr
  ✓ Line 424: InstanceOfToTrue
  ✓ Line 424: InstanceOfToFalse
  ✓ Line 425: IdenticalToNotIdentical
  ✓ Line 436: TernaryNegated
  ✓ Line 436: BooleanAndToBooleanOr
  ✓ Line 436: BooleanAndToBooleanOr
  ✓ Line 437: InstanceOfToTrue
  ✓ Line 437: InstanceOfToFalse
  ✓ Line 438: IdenticalToNotIdentical
  ✓ Line 439: TrueToFalse
  ✓ Line 451: IfNegated
  ✓ Line 451: IdenticalToNotIdentical
  ✓ Line 456: IfNegated
  ✓ Line 456: IdenticalToNotIdentical
  ✓ Line 457: RemoveEarlyReturn
  ✓ Line 464: IfNegated
  ✓ Line 465: RemoveArrayItem
  ✓ Line 466: RemoveArrayItem
  ✓ Line 472: ForeachEmptyIterable
  ✓ Line 475: IfNegated
  ✓ Line 475: IdenticalToNotIdentical
  ✓ Line 476: RemoveEarlyReturn
  ✓ Line 493: IfNegated
  ✓ Line 493: IdenticalToNotIdentical
  ✓ Line 511: IfNegated
  ✓ Line 511: NotIdenticalToIdentical
  ✓ Line 511: NotIdenticalToIdentical
  ⨯ Line 511: BooleanAndToBooleanOr
  ✓ Line 514: IfNegated
  ✓ Line 514: IdenticalToNotIdentical
  ✓ Line 519: ForeachEmptyIterable
  ✓ Line 520: RemoveArrayItem
  ✓ Line 521: RemoveArrayItem
  ✓ Line 525: IfNegated
  ✓ Line 525: IdenticalToNotIdentical
  ✓ Line 525: IdenticalToNotIdentical
  ✓ Line 525: BooleanAndToBooleanOr
  ✓ Line 530: IfNegated
  ✓ Line 530: IdenticalToNotIdentical
  ✓ Line 530: RemoveNullSafeOperator
  ✓ Line 531: RemoveEarlyReturn
  ✓ Line 534: IfNegated
  ✓ Line 534: NotIdenticalToIdentical
  ✓ Line 534: BooleanAndToBooleanOr
  ✓ Line 535: RemoveEarlyReturn
  ✓ Line 538: IfNegated
  ✓ Line 538: IdenticalToNotIdentical
  ✓ Line 538: RemoveNullSafeOperator
  ✓ Line 539: RemoveEarlyReturn
  ✓ Line 542: IfNegated
  ✓ Line 542: IdenticalToNotIdentical
  ✓ Line 542: RemoveNullSafeOperator
  ✓ Line 543: RemoveEarlyReturn
  ✓ Line 546: CoalesceRemoveLeft
  ✓ Line 546: AlwaysReturnNull
  ✓ Line 555: IfNegated
  ✓ Line 555: NotIdenticalToIdentical
  ✓ Line 562: AlwaysReturnEmptyArray
  ✓ Line 603: IfNegated
  ✓ Line 603: IdenticalToNotIdentical
  ✓ Line 604: RemoveEarlyReturn
  ✓ Line 607: TernaryNegated
  ✓ Line 614: AlwaysReturnNull
  ✓ Line 623: RemoveNullSafeOperator
  ✓ Line 625: TernaryNegated
  ✓ Line 625: IdenticalToNotIdentical
  ✓ Line 658: IfNegated
  ✓ Line 658: IdenticalToNotIdentical
  ⨯ Line 659: RemoveEarlyReturn
  ✓ Line 662: UnwrapArrayMap
  ✓ Line 669: ForeachEmptyIterable
  ✓ Line 673: IfNegated
  ✓ Line 673: BooleanOrToBooleanAnd
  ✓ Line 673: BooleanOrToBooleanAnd
  ✓ Line 673: BooleanOrToBooleanAnd
  ✓ Line 673: BooleanOrToBooleanAnd
  ✓ Line 673: RemoveNot
  ✓ Line 674: IdenticalToNotIdentical
  ✓ Line 675: RemoveNot
  ✓ Line 678: ContinueToBreak
  ✓ Line 684: AlwaysReturnEmptyArray
  ✓ Line 701: IfNegated
  ✓ Line 701: IdenticalToNotIdentical
  ✓ Line 702: RemoveEarlyReturn
  ✓ Line 707: IfNegated
  ✓ Line 707: NotIdenticalToIdentical
  ✓ Line 707: NotIdenticalToIdentical
  ✓ Line 707: BooleanAndToBooleanOr
  ✓ Line 707: EmptyStringToNotEmpty
  ✓ Line 708: TernaryNegated
  ✓ Line 708: RemoveEarlyReturn
  ✓ Line 711: CoalesceRemoveLeft
  ✓ Line 711: DecrementInteger
  ✓ Line 711: IncrementInteger
  ✓ Line 711: AlwaysReturnNull
  ✓ Line 716: IfNegated
  ✓ Line 716: IdenticalToNotIdentical
  - Line 717: RemoveEarlyReturn
  ✓ Line 726: TernaryNegated
  ⨯ Line 726: BooleanAndToBooleanOr
  ✓ Line 736: CoalesceRemoveLeft
  ✓ Line 739: ForeachEmptyIterable
  ✓ Line 750: IfNegated
  ✓ Line 750: BooleanOrToBooleanAnd
  ✓ Line 750: BooleanOrToBooleanAnd
  ✓ Line 750: BooleanOrToBooleanAnd
  ✓ Line 750: BooleanOrToBooleanAnd
  ✓ Line 750: CoalesceRemoveLeft
  ✓ Line 750: RemoveNot
  ✓ Line 751: CoalesceRemoveLeft
  ✓ Line 751: RemoveNot
  ✓ Line 752: CoalesceRemoveLeft
  ✓ Line 752: RemoveNot
  ✓ Line 753: CoalesceRemoveLeft
  ✓ Line 753: RemoveNot
  ✓ Line 754: CoalesceRemoveLeft
  ✓ Line 754: RemoveNot
  ✓ Line 755: ContinueToBreak
  ✓ Line 760: CoalesceRemoveLeft
  ✓ Line 762: IfNegated
  ✓ Line 762: IdenticalToNotIdentical
  ✓ Line 762: IdenticalToNotIdentical
  ✓ Line 762: BooleanOrToBooleanAnd
  ✓ Line 763: ContinueToBreak
  ✓ Line 779: ContinueToBreak
  ✓ Line 787: IdenticalToNotIdentical
  ✓ Line 787: CoalesceRemoveLeft
  ✓ Line 787: FalseToTrue
  ✓ Line 787: TrueToFalse
  ✓ Line 788: IdenticalToNotIdentical
  ✓ Line 788: CoalesceRemoveLeft
  ✓ Line 788: FalseToTrue
  ✓ Line 788: TrueToFalse
  ✓ Line 789: IdenticalToNotIdentical
  ✓ Line 789: CoalesceRemoveLeft
  ✓ Line 789: FalseToTrue
  ✓ Line 789: TrueToFalse
  ✓ Line 790: TernaryNegated
  ✓ Line 795: AlwaysReturnEmptyArray
  ✓ Line 804: UnwrapArrayMap
  ✓ Line 804: AlwaysReturnEmptyArray
  ✓ Line 805: RemoveArrayItem
  ✓ Line 806: RemoveArrayItem
  ✓ Line 807: RemoveArrayItem
  ✓ Line 808: RemoveArrayItem
  ✓ Line 809: RemoveArrayItem
  ✓ Line 810: RemoveArrayItem
  ✓ Line 811: RemoveArrayItem
  ✓ Line 812: RemoveArrayItem
  ✓ Line 813: RemoveArrayItem

   RUN  src/Flow/AuthSuccess.php
  ✓ Line 39: UnwrapArrayMap
  ✓ Line 39: AlwaysReturnEmptyArray

   RUN  src/Flow/FlowRequest.php
  ✓ Line 39: CoalesceRemoveLeft
  ✓ Line 41: TernaryNegated
  ✓ Line 41: AlwaysReturnNull
   UNTESTED  src/Flow/ScreenBuilder.php  > Line 91: ConcatRemoveRight - ID: 7c3de343d3c3fd11

       {
           $measuredLock = $throttle instanceof IdentifierThrottle && $throttle->decision === ThrottleDecision::Locked;
           if (($outcome === Outcome::Locked) !== $measuredLock) {
  -            throw new LogicException('ScreenBuilder requires Outcome::Locked and a measured identifier lock ' . 'to arrive together. A lock outcome without identifier state fabricates ' . 'a lockout, while hiding measured lock state would discard the only ' . 'deadline a legitimate user can act on.');
  +            throw new LogicException('ScreenBuilder requires Outcome::Locked and a measured identifier lock ' . 'a lockout, while hiding measured lock state would discard the only ' . 'deadline a legitimate user can act on.');
           }
           if ($throttle instanceof SharedThrottle && $throttle->decision !== ThrottleDecision::BackedOff) {
               throw new LogicException('ScreenBuilder can refuse from shared throttle state only when that ' . 'dimension measured an active backoff.');
  

   UNTESTED  src/Flow/ScreenBuilder.php  > Line 91: ConcatRemoveRight - ID: 76844c511eef979d

       {
           $measuredLock = $throttle instanceof IdentifierThrottle && $throttle->decision === ThrottleDecision::Locked;
           if (($outcome === Outcome::Locked) !== $measuredLock) {
  -            throw new LogicException('ScreenBuilder requires Outcome::Locked and a measured identifier lock ' . 'to arrive together. A lock outcome without identifier state fabricates ' . 'a lockout, while hiding measured lock state would discard the only ' . 'deadline a legitimate user can act on.');
  +            throw new LogicException('ScreenBuilder requires Outcome::Locked and a measured identifier lock ' . 'to arrive together. A lock outcome without identifier state fabricates ' . 'deadline a legitimate user can act on.');
           }
           if ($throttle instanceof SharedThrottle && $throttle->decision !== ThrottleDecision::BackedOff) {
               throw new LogicException('ScreenBuilder can refuse from shared throttle state only when that ' . 'dimension measured an active backoff.');
  

   UNTESTED  src/Flow/ScreenBuilder.php  > Line 91: ConcatRemoveRight - ID: 35f98ecd76baa179

       {
           $measuredLock = $throttle instanceof IdentifierThrottle && $throttle->decision === ThrottleDecision::Locked;
           if (($outcome === Outcome::Locked) !== $measuredLock) {
  -            throw new LogicException('ScreenBuilder requires Outcome::Locked and a measured identifier lock ' . 'to arrive together. A lock outcome without identifier state fabricates ' . 'a lockout, while hiding measured lock state would discard the only ' . 'deadline a legitimate user can act on.');
  +            throw new LogicException('ScreenBuilder requires Outcome::Locked and a measured identifier lock ' . 'to arrive together. A lock outcome without identifier state fabricates ' . 'a lockout, while hiding measured lock state would discard the only ');
           }
           if ($throttle instanceof SharedThrottle && $throttle->decision !== ThrottleDecision::BackedOff) {
               throw new LogicException('ScreenBuilder can refuse from shared throttle state only when that ' . 'dimension measured an active backoff.');
  

   UNTESTED  src/Flow/ScreenBuilder.php  > Line 91: ConcatSwitchSides - ID: 736a01a6b4f0d446

       {
           $measuredLock = $throttle instanceof IdentifierThrottle && $throttle->decision === ThrottleDecision::Locked;
           if (($outcome === Outcome::Locked) !== $measuredLock) {
  -            throw new LogicException('ScreenBuilder requires Outcome::Locked and a measured identifier lock ' . 'to arrive together. A lock outcome without identifier state fabricates ' . 'a lockout, while hiding measured lock state would discard the only ' . 'deadline a legitimate user can act on.');
  +            throw new LogicException('to arrive together. A lock outcome without identifier state fabricates ' . 'ScreenBuilder requires Outcome::Locked and a measured identifier lock ' . 'a lockout, while hiding measured lock state would discard the only ' . 'deadline a legitimate user can act on.');
           }
           if ($throttle instanceof SharedThrottle && $throttle->decision !== ThrottleDecision::BackedOff) {
               throw new LogicException('ScreenBuilder can refuse from shared throttle state only when that ' . 'dimension measured an active backoff.');
  

   UNTESTED  src/Flow/ScreenBuilder.php  > Line 91: ConcatSwitchSides - ID: b85191488ae9fcf9

       {
           $measuredLock = $throttle instanceof IdentifierThrottle && $throttle->decision === ThrottleDecision::Locked;
           if (($outcome === Outcome::Locked) !== $measuredLock) {
  -            throw new LogicException('ScreenBuilder requires Outcome::Locked and a measured identifier lock ' . 'to arrive together. A lock outcome without identifier state fabricates ' . 'a lockout, while hiding measured lock state would discard the only ' . 'deadline a legitimate user can act on.');
  +            throw new LogicException('a lockout, while hiding measured lock state would discard the only ' . ('ScreenBuilder requires Outcome::Locked and a measured identifier lock ' . 'to arrive together. A lock outcome without identifier state fabricates ') . 'deadline a legitimate user can act on.');
           }
           if ($throttle instanceof SharedThrottle && $throttle->decision !== ThrottleDecision::BackedOff) {
               throw new LogicException('ScreenBuilder can refuse from shared throttle state only when that ' . 'dimension measured an active backoff.');
  

   UNTESTED  src/Flow/ScreenBuilder.php  > Line 91: ConcatSwitchSides - ID: 7facb3953433e77b

       {
           $measuredLock = $throttle instanceof IdentifierThrottle && $throttle->decision === ThrottleDecision::Locked;
           if (($outcome === Outcome::Locked) !== $measuredLock) {
  -            throw new LogicException('ScreenBuilder requires Outcome::Locked and a measured identifier lock ' . 'to arrive together. A lock outcome without identifier state fabricates ' . 'a lockout, while hiding measured lock state would discard the only ' . 'deadline a legitimate user can act on.');
  +            throw new LogicException('deadline a legitimate user can act on.' . ('ScreenBuilder requires Outcome::Locked and a measured identifier lock ' . 'to arrive together. A lock outcome without identifier state fabricates ' . 'a lockout, while hiding measured lock state would discard the only '));
           }
           if ($throttle instanceof SharedThrottle && $throttle->decision !== ThrottleDecision::BackedOff) {
               throw new LogicException('ScreenBuilder can refuse from shared throttle state only when that ' . 'dimension measured an active backoff.');
  

   UNTESTED  src/Flow/UnknownFlowResult.php  > Line 23: ConcatRemoveRight - ID: a9f247272595d581

   {
       public static function for(FlowResult $result): self
       {
  -        return new self(sprintf('No handler for FlowResult variant %s. Every variant must be handled ' . 'explicitly; falling through would skip session rotation on success.', $result::class));
  +        return new self(sprintf('No handler for FlowResult variant %s. Every variant must be handled ', $result::class));
       }
   }
  

   UNTESTED  src/Flow/UnknownFlowResult.php  > Line 23: ConcatSwitchSides - ID: a4f60546e4f0f817

   {
       public static function for(FlowResult $result): self
       {
  -        return new self(sprintf('No handler for FlowResult variant %s. Every variant must be handled ' . 'explicitly; falling through would skip session rotation on success.', $result::class));
  +        return new self(sprintf('explicitly; falling through would skip session rotation on success.' . 'No handler for FlowResult variant %s. Every variant must be handled ', $result::class));
       }
   }
  

   UNTESTED  src/Flow/AuthFlow.php  > Line 124: RemoveArrayItem - ID: a9df78187e5e0b76

        */
       private function begin(FlowRequest $request): FlowResult
       {
  -        $attempt = AuthAttempt::create(['handle' => bin2hex(random_bytes(32)), 'state' => AttemptState::Initiated, 'version' => 1, 'bound_context' => $request->boundContext, 'tenant_id' => $this->tenants->currentTenantId(), 'expires_at' => $this->clock->now()->modify(sprintf('+%d seconds', $this->attemptTtlSeconds))]);
  +        $attempt = AuthAttempt::create(['handle' => bin2hex(random_bytes(32)), 'state' => AttemptState::Initiated, 'bound_context' => $request->boundContext, 'tenant_id' => $this->tenants->currentTenantId(), 'expires_at' => $this->clock->now()->modify(sprintf('+%d seconds', $this->attemptTtlSeconds))]);
           return new Continuing($this->screens->identify($this->posture(null)), $attempt->handle);
       }
       private function identify(AuthAttempt $attempt, FlowRequest $request): FlowResult
  

   UNTESTED  src/Flow/AuthFlow.php  > Line 203: RemoveMethodCall - ID: 9a4b26b7f25653fa

           if ($this->store->transition($attempt, AttemptState::Identified) !== TransitionOutcome::Succeeded || $this->store->transition($attempt->refresh(), AttemptState::FactorPending) !== TransitionOutcome::Succeeded) {
               return new Continuing($this->screens->refused(AuthStep::Identify, Outcome::CredentialRejected, $posture), $attempt->handle);
           }
  -        $attempt->refresh();
  +        
           if ($issuance instanceof ChallengeIssuanceTicket) {
               $this->issuer->complete($issuance, $attempt);
           }
  

   UNTESTED  src/Flow/AuthFlow.php  > Line 226: BooleanAndToBooleanOr - ID: adb2bb1bade8951a

           }
           $preflight = $this->preflightThrottle($attempt, $request, $submittedIdentifier);
           if ($preflight !== null) {
  -            if ($preflight instanceof SharedThrottle && $preflight->decision === ThrottleDecision::BackedOff && $this->throttleConfiguration->captchaEnabled) {
  +            if (($preflight instanceof SharedThrottle || $preflight->decision === ThrottleDecision::BackedOff) && $this->throttleConfiguration->captchaEnabled) {
                   $token = $request->string('captcha');
                   $captcha = CaptchaDecision::Failed;
                   if ($token !== null && $token !== '') {
  

   UNTESTED  src/Flow/AuthFlow.php  > Line 226: BooleanAndToBooleanOr - ID: a6bb00e2f5b6b921

           }
           $preflight = $this->preflightThrottle($attempt, $request, $submittedIdentifier);
           if ($preflight !== null) {
  -            if ($preflight instanceof SharedThrottle && $preflight->decision === ThrottleDecision::BackedOff && $this->throttleConfiguration->captchaEnabled) {
  +            if ($preflight instanceof SharedThrottle && $preflight->decision === ThrottleDecision::BackedOff || $this->throttleConfiguration->captchaEnabled) {
                   $token = $request->string('captcha');
                   $captcha = CaptchaDecision::Failed;
                   if ($token !== null && $token !== '') {
  

   UNTESTED  src/Flow/AuthFlow.php  > Line 226: InstanceOfToTrue - ID: b8444eb1d19b0d66

           }
           $preflight = $this->preflightThrottle($attempt, $request, $submittedIdentifier);
           if ($preflight !== null) {
  -            if ($preflight instanceof SharedThrottle && $preflight->decision === ThrottleDecision::BackedOff && $this->throttleConfiguration->captchaEnabled) {
  +            if (true && $preflight->decision === ThrottleDecision::BackedOff && $this->throttleConfiguration->captchaEnabled) {
                   $token = $request->string('captcha');
                   $captcha = CaptchaDecision::Failed;
                   if ($token !== null && $token !== '') {
  

   UNTESTED  src/Flow/AuthFlow.php  > Line 233: BooleanAndToBooleanOr - ID: 6b419612df43e1a7

               if ($preflight instanceof SharedThrottle && $preflight->decision === ThrottleDecision::BackedOff && $this->throttleConfiguration->captchaEnabled) {
                   $token = $request->string('captcha');
                   $captcha = CaptchaDecision::Failed;
  -                if ($token !== null && $token !== '') {
  +                if ($token !== null || $token !== '') {
                       try {
                           $captcha = $this->captcha->verify(new CaptchaRequest($token, $request->clientIp));
                       } catch (Throwable $exception) {
  

   UNTESTED  src/Flow/AuthFlow.php  > Line 233: EmptyStringToNotEmpty - ID: 7437d765113eba35

               if ($preflight instanceof SharedThrottle && $preflight->decision === ThrottleDecision::BackedOff && $this->throttleConfiguration->captchaEnabled) {
                   $token = $request->string('captcha');
                   $captcha = CaptchaDecision::Failed;
  -                if ($token !== null && $token !== '') {
  +                if ($token !== null && $token !== 'PEST Mutator was here!') {
                       try {
                           $captcha = $this->captcha->verify(new CaptchaRequest($token, $request->clientIp));
                       } catch (Throwable $exception) {
  

   UNTESTED  src/Flow/AuthFlow.php  > Line 244: RemoveFunctionCall - ID: 299664cf8266287a

                           if ($this->captcha instanceof UnconfiguredCaptchaVerifier) {
                               throw $exception;
                           }
  -                        report($exception);
  +                        
                           // A provider outage must not turn shared backoff into
                           // a 500; failure is the safe, target-independent result.
                       }
  

   UNTESTED  src/Flow/AuthFlow.php  > Line 368: RemoveMethodCall - ID: 026e41582118ad69

           if ($this->targetState($attempt, $satisfied) !== AttemptState::Authenticated) {
               // Back to FactorPending: another factor is being offered.
               $this->store->transition($attempt->refresh(), AttemptState::FactorPending);
  -            $attempt->refresh();
  +            
               $next = $this->offeredFactorsFor($attempt)[0] ?? $this->defaultFactorFor($userId);
               if ($this->issuer->supports($next)) {
                   $ticket = $this->issuer->permit($this->issuanceIntent($attempt, $request, $submittedIdentifier, $next, 'continue'));
  

   UNTESTED  src/Flow/AuthFlow.php  > Line 511: BooleanAndToBooleanOr - ID: f05236f539e4fdef

           $sharedBackoff = null;
           $ip = $this->throttleKey->ip($request->clientIp, $attempt->tenant_id);
           $ipIdentifier = $this->throttleKey->ipIdentifier($request->clientIp, $submittedIdentifier, $attempt->tenant_id);
  -        if ($ip !== null && $ipIdentifier !== null) {
  +        if ($ip !== null || $ipIdentifier !== null) {
               $state = $this->throttles->recordIpFailure($ip, $ipIdentifier);
               if ($state->decision === ThrottleDecision::BackedOff) {
                   $sharedBackoff = $state;
  

   UNTESTED  src/Flow/AuthFlow.php  > Line 659: RemoveEarlyReturn - ID: 487f863ce6c915ad

       {
           $userId = $attempt->user_id;
           if ($userId === null) {
  -            return [];
  +            
           }
           $satisfied = array_map(static fn(SatisfiedFactor $factor): string => $factor->factorId, $this->existingFactors($attempt));
           $offered = [];
  

   UNCOVERED  src/Flow/AuthFlow.php  > Line 717: RemoveEarlyReturn - ID: 71aa0b3fdd3b1cd5

       private function defaultFactorFor(?int $userId): string
       {
           if ($userId === null) {
  -            return 'password';
  +            
           }
           $type = AuthCredential::query()->where('user_id', $userId)->whereNull('disabled_at')->where('type', '!=', 'recovery_code')->value('type');
           return is_string($type) && $this->registry->has($type) ? $type : 'password';
  

   UNTESTED  src/Flow/AuthFlow.php  > Line 726: BooleanAndToBooleanOr - ID: bc3da4b2853584f2

               return 'password';
           }
           $type = AuthCredential::query()->where('user_id', $userId)->whereNull('disabled_at')->where('type', '!=', 'recovery_code')->value('type');
  -        return is_string($type) && $this->registry->has($type) ? $type : 'password';
  +        return is_string($type) || $this->registry->has($type) ? $type : 'password';
       }
       /**
        * Rehydrate the evidence already gathered on this attempt.
  

  Mutations: 20 untested, 1 uncovered, 333 tested
  Score:     94.07%
  Duration:  405.08s

