
  ............................................................................
  ............................................................................
  ............................................................................
  ............................................................................
  ............................................................................
  ............................................................................
  ............................................................................
  ............................................................................
  ............................................................................
  ............................................................................
  ............................................................................
  ............................................................................
  ............................................................................
  ............................................................................
  ............................................................................
  .....................

  Tests:    1161 passed (4092 assertions)
  Duration: 30.71s

  Mutating application files...
  [90m17 Mutations for 2 Files created[39m

  [39;100;1m RUN [39;49;22m src/Secrets/OneTimeSecret.php
  [32;1m✓[39;22m [90mLine 55: IfNegated[39m
  [32;1m✓[39;22m [90mLine 55: RemoveNot[39m
  [32;1m✓[39;22m [90mLine 84: RemoveArrayItem[39m
  [32;1m✓[39;22m [90mLine 84: AlwaysReturnEmptyArray[39m
  [31;1m⨯[39;22m [90mLine 120: ConcatRemoveLeft[39m
  [31;1m⨯[39;22m [90mLine 120: ConcatRemoveRight[39m
  [31;1m⨯[39;22m [90mLine 120: ConcatSwitchSides[39m
  [31;1m⨯[39;22m [90mLine 136: ConcatRemoveLeft[39m
  [31;1m⨯[39;22m [90mLine 136: ConcatRemoveRight[39m
  [31;1m⨯[39;22m [90mLine 136: ConcatSwitchSides[39m
  [32;1m✓[39;22m [90mLine 145: CoalesceEqualToEqual[39m

  [39;100;1m RUN [39;49;22m src/Secrets/SecretAlreadyRevealed.php
  [31;1m⨯[39;22m [90mLine 22: ConcatRemoveLeft[39m
  [31;1m⨯[39;22m [90mLine 22: ConcatRemoveLeft[39m
  [31;1m⨯[39;22m [90mLine 22: ConcatRemoveRight[39m
  [31;1m⨯[39;22m [90mLine 22: ConcatRemoveRight[39m
  [31;1m⨯[39;22m [90mLine 22: ConcatSwitchSides[39m
  [31;1m⨯[39;22m [90mLine 22: ConcatSwitchSides[39m
  [39;41;1m UNTESTED [39;49;22m [39;1msrc/Secrets/OneTimeSecret.php [39;22m[90m > Line 120: ConcatRemoveLeft - ID: 1ed497e547af8e77[39m
[39;1m
  [39;22m[90m      */[39m[39;1m
  [39;22m[90m     public function __clone(): void[39m[39;1m
  [39;22m[90m     {[39m[39;1m
  [39;22m[31m-        throw new LogicException('A OneTimeSecret cannot be cloned: the value belongs to one instance and is ' . 'readable once. Pass the original, or reveal() it and handle the string.');[39m[39;1m
  [39;22m[32m+        throw new LogicException('readable once. Pass the original, or reveal() it and handle the string.');[39m[39;1m
  [39;22m[90m     }[39m[39;1m
  [39;22m[90m     /**[39m[39;1m
  [39;22m[90m      * `var_export()` emits a __set_state() call, and evaluating that output must[39m[39;1m
  [39;22m[39;1m
[39;22m
[39;1m  [39;22m[39;41;1m UNTESTED [39;49;22m[39;1m [39;22m[39;1msrc/Secrets/OneTimeSecret.php [39;22m[90m > Line 120: ConcatRemoveRight - ID: 026cf6eb81bf1bb1[39m
[39;1m
  [39;22m[90m      */[39m[39;1m
  [39;22m[90m     public function __clone(): void[39m[39;1m
  [39;22m[90m     {[39m[39;1m
  [39;22m[31m-        throw new LogicException('A OneTimeSecret cannot be cloned: the value belongs to one instance and is ' . 'readable once. Pass the original, or reveal() it and handle the string.');[39m[39;1m
  [39;22m[32m+        throw new LogicException('A OneTimeSecret cannot be cloned: the value belongs to one instance and is ');[39m[39;1m
  [39;22m[90m     }[39m[39;1m
  [39;22m[90m     /**[39m[39;1m
  [39;22m[90m      * `var_export()` emits a __set_state() call, and evaluating that output must[39m[39;1m
  [39;22m[39;1m
[39;22m
[39;1m  [39;22m[39;41;1m UNTESTED [39;49;22m[39;1m [39;22m[39;1msrc/Secrets/OneTimeSecret.php [39;22m[90m > Line 120: ConcatSwitchSides - ID: ae220c6000cf23c9[39m
[39;1m
  [39;22m[90m      */[39m[39;1m
  [39;22m[90m     public function __clone(): void[39m[39;1m
  [39;22m[90m     {[39m[39;1m
  [39;22m[31m-        throw new LogicException('A OneTimeSecret cannot be cloned: the value belongs to one instance and is ' . 'readable once. Pass the original, or reveal() it and handle the string.');[39m[39;1m
  [39;22m[32m+        throw new LogicException('readable once. Pass the original, or reveal() it and handle the string.' . 'A OneTimeSecret cannot be cloned: the value belongs to one instance and is ');[39m[39;1m
  [39;22m[90m     }[39m[39;1m
  [39;22m[90m     /**[39m[39;1m
  [39;22m[90m      * `var_export()` emits a __set_state() call, and evaluating that output must[39m[39;1m
  [39;22m[39;1m
[39;22m
[39;1m  [39;22m[39;41;1m UNTESTED [39;49;22m[39;1m [39;22m[39;1msrc/Secrets/OneTimeSecret.php [39;22m[90m > Line 136: ConcatRemoveLeft - ID: b1c82f4775ef3de1[39m
[39;1m
  [39;22m[90m      */[39m[39;1m
  [39;22m[90m     public static function __set_state(array $state): self[39m[39;1m
  [39;22m[90m     {[39m[39;1m
  [39;22m[31m-        throw new LogicException('A OneTimeSecret cannot be rebuilt from var_export() output: the value is ' . 'never exported. This is the redaction working, not a defect.');[39m[39;1m
  [39;22m[32m+        throw new LogicException('never exported. This is the redaction working, not a defect.');[39m[39;1m
  [39;22m[90m     }[39m[39;1m
  [39;22m[90m     /** @return WeakMap<self, string> */[39m[39;1m
  [39;22m[90m     private static function values(): WeakMap[39m[39;1m
  [39;22m[39;1m
[39;22m
[39;1m  [39;22m[39;41;1m UNTESTED [39;49;22m[39;1m [39;22m[39;1msrc/Secrets/OneTimeSecret.php [39;22m[90m > Line 136: ConcatRemoveRight - ID: af32c0068ee57565[39m
[39;1m
  [39;22m[90m      */[39m[39;1m
  [39;22m[90m     public static function __set_state(array $state): self[39m[39;1m
  [39;22m[90m     {[39m[39;1m
  [39;22m[31m-        throw new LogicException('A OneTimeSecret cannot be rebuilt from var_export() output: the value is ' . 'never exported. This is the redaction working, not a defect.');[39m[39;1m
  [39;22m[32m+        throw new LogicException('A OneTimeSecret cannot be rebuilt from var_export() output: the value is ');[39m[39;1m
  [39;22m[90m     }[39m[39;1m
  [39;22m[90m     /** @return WeakMap<self, string> */[39m[39;1m
  [39;22m[90m     private static function values(): WeakMap[39m[39;1m
  [39;22m[39;1m
[39;22m
[39;1m  [39;22m[39;41;1m UNTESTED [39;49;22m[39;1m [39;22m[39;1msrc/Secrets/OneTimeSecret.php [39;22m[90m > Line 136: ConcatSwitchSides - ID: ceb2a09ed82d3b85[39m
[39;1m
  [39;22m[90m      */[39m[39;1m
  [39;22m[90m     public static function __set_state(array $state): self[39m[39;1m
  [39;22m[90m     {[39m[39;1m
  [39;22m[31m-        throw new LogicException('A OneTimeSecret cannot be rebuilt from var_export() output: the value is ' . 'never exported. This is the redaction working, not a defect.');[39m[39;1m
  [39;22m[32m+        throw new LogicException('never exported. This is the redaction working, not a defect.' . 'A OneTimeSecret cannot be rebuilt from var_export() output: the value is ');[39m[39;1m
  [39;22m[90m     }[39m[39;1m
  [39;22m[90m     /** @return WeakMap<self, string> */[39m[39;1m
  [39;22m[90m     private static function values(): WeakMap[39m[39;1m
  [39;22m[39;1m
[39;22m
[39;1m  [39;22m[39;41;1m UNTESTED [39;49;22m[39;1m [39;22m[39;1msrc/Secrets/SecretAlreadyRevealed.php [39;22m[90m > Line 22: ConcatRemoveLeft - ID: 5ecf038eb4197d8d[39m
[39;1m
  [39;22m[90m {[39m[39;1m
  [39;22m[90m     public static function make(): self[39m[39;1m
  [39;22m[90m     {[39m[39;1m
  [39;22m[31m-        return new self('This secret has already been revealed and cannot be read again. ' . 'Enrollment secrets are displayed exactly once; if you need it later, ' . 'you need a new enrollment, not a second read.');[39m[39;1m
  [39;22m[32m+        return new self('Enrollment secrets are displayed exactly once; if you need it later, ' . 'you need a new enrollment, not a second read.');[39m[39;1m
  [39;22m[90m     }[39m[39;1m
  [39;22m[90m }[39m[39;1m
  [39;22m[39;1m
[39;22m
[39;1m  [39;22m[39;41;1m UNTESTED [39;49;22m[39;1m [39;22m[39;1msrc/Secrets/SecretAlreadyRevealed.php [39;22m[90m > Line 22: ConcatRemoveLeft - ID: cd472705a5d4de77[39m
[39;1m
  [39;22m[90m {[39m[39;1m
  [39;22m[90m     public static function make(): self[39m[39;1m
  [39;22m[90m     {[39m[39;1m
  [39;22m[31m-        return new self('This secret has already been revealed and cannot be read again. ' . 'Enrollment secrets are displayed exactly once; if you need it later, ' . 'you need a new enrollment, not a second read.');[39m[39;1m
  [39;22m[32m+        return new self('you need a new enrollment, not a second read.');[39m[39;1m
  [39;22m[90m     }[39m[39;1m
  [39;22m[90m }[39m[39;1m
  [39;22m[39;1m
[39;22m
[39;1m  [39;22m[39;41;1m UNTESTED [39;49;22m[39;1m [39;22m[39;1msrc/Secrets/SecretAlreadyRevealed.php [39;22m[90m > Line 22: ConcatRemoveRight - ID: eba74c53baa89613[39m
[39;1m
  [39;22m[90m {[39m[39;1m
  [39;22m[90m     public static function make(): self[39m[39;1m
  [39;22m[90m     {[39m[39;1m
  [39;22m[31m-        return new self('This secret has already been revealed and cannot be read again. ' . 'Enrollment secrets are displayed exactly once; if you need it later, ' . 'you need a new enrollment, not a second read.');[39m[39;1m
  [39;22m[32m+        return new self('This secret has already been revealed and cannot be read again. ' . 'you need a new enrollment, not a second read.');[39m[39;1m
  [39;22m[90m     }[39m[39;1m
  [39;22m[90m }[39m[39;1m
  [39;22m[39;1m
[39;22m
[39;1m  [39;22m[39;41;1m UNTESTED [39;49;22m[39;1m [39;22m[39;1msrc/Secrets/SecretAlreadyRevealed.php [39;22m[90m > Line 22: ConcatRemoveRight - ID: 7c45f9030acd381d[39m
[39;1m
  [39;22m[90m {[39m[39;1m
  [39;22m[90m     public static function make(): self[39m[39;1m
  [39;22m[90m     {[39m[39;1m
  [39;22m[31m-        return new self('This secret has already been revealed and cannot be read again. ' . 'Enrollment secrets are displayed exactly once; if you need it later, ' . 'you need a new enrollment, not a second read.');[39m[39;1m
  [39;22m[32m+        return new self('This secret has already been revealed and cannot be read again. ' . 'Enrollment secrets are displayed exactly once; if you need it later, ');[39m[39;1m
  [39;22m[90m     }[39m[39;1m
  [39;22m[90m }[39m[39;1m
  [39;22m[39;1m
[39;22m
[39;1m  [39;22m[39;41;1m UNTESTED [39;49;22m[39;1m [39;22m[39;1msrc/Secrets/SecretAlreadyRevealed.php [39;22m[90m > Line 22: ConcatSwitchSides - ID: 4523064c59aa5fa8[39m
[39;1m
  [39;22m[90m {[39m[39;1m
  [39;22m[90m     public static function make(): self[39m[39;1m
  [39;22m[90m     {[39m[39;1m
  [39;22m[31m-        return new self('This secret has already been revealed and cannot be read again. ' . 'Enrollment secrets are displayed exactly once; if you need it later, ' . 'you need a new enrollment, not a second read.');[39m[39;1m
  [39;22m[32m+        return new self('Enrollment secrets are displayed exactly once; if you need it later, ' . 'This secret has already been revealed and cannot be read again. ' . 'you need a new enrollment, not a second read.');[39m[39;1m
  [39;22m[90m     }[39m[39;1m
  [39;22m[90m }[39m[39;1m
  [39;22m[39;1m
[39;22m
[39;1m  [39;22m[39;41;1m UNTESTED [39;49;22m[39;1m [39;22m[39;1msrc/Secrets/SecretAlreadyRevealed.php [39;22m[90m > Line 22: ConcatSwitchSides - ID: 2777cd01215981bb[39m
[39;1m
  [39;22m[90m {[39m[39;1m
  [39;22m[90m     public static function make(): self[39m[39;1m
  [39;22m[90m     {[39m[39;1m
  [39;22m[31m-        return new self('This secret has already been revealed and cannot be read again. ' . 'Enrollment secrets are displayed exactly once; if you need it later, ' . 'you need a new enrollment, not a second read.');[39m[39;1m
  [39;22m[32m+        return new self('you need a new enrollment, not a second read.' . ('This secret has already been revealed and cannot be read again. ' . 'Enrollment secrets are displayed exactly once; if you need it later, '));[39m[39;1m
  [39;22m[90m     }[39m[39;1m
  [39;22m[90m }[39m[39;1m
  [39;22m[39;1m
[39;22m
[39;1m  [39;22m[90mMutations:[39m[39;1m [39;22m[31;1m12 untested[39;22m[90m,[39m[39m [39m[32;1m5 tested[39;22m
[39m  [39m[90mScore:[39m[39m     [39m[39m29.41%[39m
[39m  [39m[90mDuration:[39m[39m  [39m[39m6.09s[39m

